<html>
<body>
<pre>
<h1>µVision Build Log</h1>
<h2>Project:</h2>
C:\Users\Administrator\Desktop\÷– ‡∞Ê\STM32\Open103Z\Project\RVMDK£®uv4£©\iSO-STM32.uvproj
Project File Date:  06/10/2015

<h2>Output:</h2>
Load "..\\..\\Output\\Template.AXF" 
Erase Done.
Programming Done.
Verify OK.
Build target 'USART'
linking...
Program Size: Code=34212 RO-data=4380 RW-data=1696 ZI-data=9832  
FromELF: creating hex file...
"..\..\Output\Template.axf" - 0 Error(s), 0 Warning(s).
Build target 'USART'
compiling main.c...
linking...
Program Size: Code=34212 RO-data=4380 RW-data=1696 ZI-data=9832  
FromELF: creating hex file...
"..\..\Output\Template.axf" - 0 Error(s), 0 Warning(s).
Load "..\\..\\Output\\Template.AXF" 
Erase Done.
Programming Done.
Verify OK.
